<?xml version="1.0" encoding="utf-8"?>
<TestRun id="9226929b-3a4c-450d-b163-219a7c202b1a" name="@Frieren 2026-09-24 01:44:30" xmlns="http://microsoft.com/schemas/VisualStudio/TeamTest/2010">
  <Times creation="2026-09-24T01:44:30.2503999+08:00" queuing="2026-09-24T01:44:30.2504000+08:00" start="2026-09-24T01:44:28.8869056+08:00" finish="2026-09-24T01:44:30.2559424+08:00" />
  <TestSettings name="default" id="57677d45-880b-42bc-9336-51c39b786946">
    <Deployment runDeploymentRoot="_Frieren_2026-09-24_01_44_30" />
  </TestSettings>
  <Results>
    <UnitTestResult executionId="8a1da196-c98a-4054-ac6f-08537a320c05" testId="64ea98ad-8828-a594-0ce6-c22f208c1cda" testName="Laya.Core.Tests.Encoding.LayaSequenceBuilderTests.Build_RejectsOptionsThatExceedModelContext" computerName="Frieren" duration="00:00:00.0831497" startTime="2026-09-24T01:44:29.9515920+08:00" endTime="2026-09-24T01:44:30.0347167+08:00" testType="13cdc9d9-ddb5-4fa4-a97d-d965ccfc6d4b" outcome="Passed" testListId="8c84fa94-04c1-424b-9868-57a2d4851a1d" relativeResultsDirectory="8a1da196-c98a-4054-ac6f-08537a320c05" />
    <UnitTestResult executionId="ecc70bff-50c5-41c5-8071-ac6de81243da" testId="b2a39afa-e8d6-b42c-0652-9a7aa531286b" testName="Laya.Core.Tests.Tokenization.LayaTokenizerTests.Encode_MatchesGoldenIds" computerName="Frieren" duration="00:00:00.1319095" startTime="2026-09-24T01:44:29.5857696+08:00" endTime="2026-09-24T01:44:29.7076475+08:00" testType="13cdc9d9-ddb5-4fa4-a97d-d965ccfc6d4b" outcome="Passed" testListId="8c84fa94-04c1-424b-9868-57a2d4851a1d" relativeResultsDirectory="ecc70bff-50c5-41c5-8071-ac6de81243da" />
    <UnitTestResult executionId="b67c6e06-79f1-464c-83c5-09910691f6e2" testId="0f33d004-6bcc-16ec-1bc6-36148954798e" testName="Laya.Core.Tests.Tokenization.LayaTokenizerTests.Load_ResolvesSpecialTokensAndEncodesWithoutSpecialTokens" computerName="Frieren" duration="00:00:00.1000043" startTime="2026-09-24T01:44:29.7084150+08:00" endTime="2026-09-24T01:44:29.8076865+08:00" testType="13cdc9d9-ddb5-4fa4-a97d-d965ccfc6d4b" outcome="Passed" testListId="8c84fa94-04c1-424b-9868-57a2d4851a1d" relativeResultsDirectory="b67c6e06-79f1-464c-83c5-09910691f6e2" />
    <UnitTestResult executionId="066e0dac-1a2b-4091-85c2-e90c5f4e477e" testId="41b8f608-45e9-7c2a-3a77-e3c99ea7c9bf" testName="Laya.Core.Tests.Encoding.LayaSequenceBuilderTests.Build_MatchesChoiceGoldenTrace" computerName="Frieren" duration="00:00:00.0873657" startTime="2026-09-24T01:44:29.7194463+08:00" endTime="2026-09-24T01:44:29.8068250+08:00" testType="13cdc9d9-ddb5-4fa4-a97d-d965ccfc6d4b" outcome="Passed" testListId="8c84fa94-04c1-424b-9868-57a2d4851a1d" relativeResultsDirectory="066e0dac-1a2b-4091-85c2-e90c5f4e477e" />
    <UnitTestResult executionId="3832a22a-9ccf-41af-8811-9f026e0b7225" testId="70a87192-17e3-bfc6-c654-1d955e53986e" testName="Laya.Core.Tests.Encoding.LayaSequenceBuilderTests.Build_TruncatesStateToMaxLength" computerName="Frieren" duration="00:00:00.0680650" startTime="2026-09-24T01:44:29.8070947+08:00" endTime="2026-09-24T01:44:29.8749967+08:00" testType="13cdc9d9-ddb5-4fa4-a97d-d965ccfc6d4b" outcome="Passed" testListId="8c84fa94-04c1-424b-9868-57a2d4851a1d" relativeResultsDirectory="3832a22a-9ccf-41af-8811-9f026e0b7225" />
    <UnitTestResult executionId="018450a9-18b2-4f2f-ad3b-b692707b2819" testId="3efdd426-4bca-581c-3833-3ff813ce4c68" testName="Laya.Core.Tests.Encoding.LayaSequenceBuilderTests.Build_MixesChoiceAndNoulWithRightPadding" computerName="Frieren" duration="00:00:00.0762634" startTime="2026-09-24T01:44:29.8753891+08:00" endTime="2026-09-24T01:44:29.9513954+08:00" testType="13cdc9d9-ddb5-4fa4-a97d-d965ccfc6d4b" outcome="Passed" testListId="8c84fa94-04c1-424b-9868-57a2d4851a1d" relativeResultsDirectory="018450a9-18b2-4f2f-ad3b-b692707b2819" />
    <UnitTestResult executionId="2a9680f5-c056-40e9-9679-7e9e87ff3196" testId="49e1e906-e729-798e-218b-d1fc572abc01" testName="Laya.Core.Tests.Tokenization.LayaTokenizerTests.Load_RejectsMissingSpecialTokenConfig" computerName="Frieren" duration="00:00:00.0091933" startTime="2026-09-24T01:44:29.5601050+08:00" endTime="2026-09-24T01:44:29.5756388+08:00" testType="13cdc9d9-ddb5-4fa4-a97d-d965ccfc6d4b" outcome="Passed" testListId="8c84fa94-04c1-424b-9868-57a2d4851a1d" relativeResultsDirectory="2a9680f5-c056-40e9-9679-7e9e87ff3196" />
    <UnitTestResult executionId="706718b8-bcd0-4222-9db9-977bb15f46ce" testId="98e6a3aa-9190-48d9-c5e8-c21984973305" testName="Laya.Core.Tests.Encoding.LayaSequenceBuilderTests.Build_MatchesNoulGoldenTrace" computerName="Frieren" duration="00:00:00.1553190" startTime="2026-09-24T01:44:29.5613995+08:00" endTime="2026-09-24T01:44:29.7192344+08:00" testType="13cdc9d9-ddb5-4fa4-a97d-d965ccfc6d4b" outcome="Passed" testListId="8c84fa94-04c1-424b-9868-57a2d4851a1d" relativeResultsDirectory="706718b8-bcd0-4222-9db9-977bb15f46ce" />
  </Results>
  <TestDefinitions>
    <UnitTest name="Laya.Core.Tests.Tokenization.LayaTokenizerTests.Load_RejectsMissingSpecialTokenConfig" storage="/srv/hermes_agent/home/workspace/repo/layadotnetpoc/tests/laya.core.tests/bin/debug/net8.0/laya.core.tests.dll" id="49e1e906-e729-798e-218b-d1fc572abc01">
      <Execution id="2a9680f5-c056-40e9-9679-7e9e87ff3196" />
      <TestMethod codeBase="/srv/hermes_agent/home/workspace/Repo/LayaDotNetPoc/tests/Laya.Core.Tests/bin/Debug/net8.0/Laya.Core.Tests.dll" adapterTypeName="executor://xunit/VsTestRunner3/netcore/" className="Laya.Core.Tests.Tokenization.LayaTokenizerTests" name="Load_RejectsMissingSpecialTokenConfig" />
    </UnitTest>
    <UnitTest name="Laya.Core.Tests.Encoding.LayaSequenceBuilderTests.Build_MatchesNoulGoldenTrace" storage="/srv/hermes_agent/home/workspace/repo/layadotnetpoc/tests/laya.core.tests/bin/debug/net8.0/laya.core.tests.dll" id="98e6a3aa-9190-48d9-c5e8-c21984973305">
      <Execution id="706718b8-bcd0-4222-9db9-977bb15f46ce" />
      <TestMethod codeBase="/srv/hermes_agent/home/workspace/Repo/LayaDotNetPoc/tests/Laya.Core.Tests/bin/Debug/net8.0/Laya.Core.Tests.dll" adapterTypeName="executor://xunit/VsTestRunner3/netcore/" className="Laya.Core.Tests.Encoding.LayaSequenceBuilderTests" name="Build_MatchesNoulGoldenTrace" />
    </UnitTest>
    <UnitTest name="Laya.Core.Tests.Encoding.LayaSequenceBuilderTests.Build_MixesChoiceAndNoulWithRightPadding" storage="/srv/hermes_agent/home/workspace/repo/layadotnetpoc/tests/laya.core.tests/bin/debug/net8.0/laya.core.tests.dll" id="3efdd426-4bca-581c-3833-3ff813ce4c68">
      <Execution id="018450a9-18b2-4f2f-ad3b-b692707b2819" />
      <TestMethod codeBase="/srv/hermes_agent/home/workspace/Repo/LayaDotNetPoc/tests/Laya.Core.Tests/bin/Debug/net8.0/Laya.Core.Tests.dll" adapterTypeName="executor://xunit/VsTestRunner3/netcore/" className="Laya.Core.Tests.Encoding.LayaSequenceBuilderTests" name="Build_MixesChoiceAndNoulWithRightPadding" />
    </UnitTest>
    <UnitTest name="Laya.Core.Tests.Tokenization.LayaTokenizerTests.Load_ResolvesSpecialTokensAndEncodesWithoutSpecialTokens" storage="/srv/hermes_agent/home/workspace/repo/layadotnetpoc/tests/laya.core.tests/bin/debug/net8.0/laya.core.tests.dll" id="0f33d004-6bcc-16ec-1bc6-36148954798e">
      <Execution id="b67c6e06-79f1-464c-83c5-09910691f6e2" />
      <TestMethod codeBase="/srv/hermes_agent/home/workspace/Repo/LayaDotNetPoc/tests/Laya.Core.Tests/bin/Debug/net8.0/Laya.Core.Tests.dll" adapterTypeName="executor://xunit/VsTestRunner3/netcore/" className="Laya.Core.Tests.Tokenization.LayaTokenizerTests" name="Load_ResolvesSpecialTokensAndEncodesWithoutSpecialTokens" />
    </UnitTest>
    <UnitTest name="Laya.Core.Tests.Tokenization.LayaTokenizerTests.Encode_MatchesGoldenIds" storage="/srv/hermes_agent/home/workspace/repo/layadotnetpoc/tests/laya.core.tests/bin/debug/net8.0/laya.core.tests.dll" id="b2a39afa-e8d6-b42c-0652-9a7aa531286b">
      <Execution id="ecc70bff-50c5-41c5-8071-ac6de81243da" />
      <TestMethod codeBase="/srv/hermes_agent/home/workspace/Repo/LayaDotNetPoc/tests/Laya.Core.Tests/bin/Debug/net8.0/Laya.Core.Tests.dll" adapterTypeName="executor://xunit/VsTestRunner3/netcore/" className="Laya.Core.Tests.Tokenization.LayaTokenizerTests" name="Encode_MatchesGoldenIds" />
    </UnitTest>
    <UnitTest name="Laya.Core.Tests.Encoding.LayaSequenceBuilderTests.Build_RejectsOptionsThatExceedModelContext" storage="/srv/hermes_agent/home/workspace/repo/layadotnetpoc/tests/laya.core.tests/bin/debug/net8.0/laya.core.tests.dll" id="64ea98ad-8828-a594-0ce6-c22f208c1cda">
      <Execution id="8a1da196-c98a-4054-ac6f-08537a320c05" />
      <TestMethod codeBase="/srv/hermes_agent/home/workspace/Repo/LayaDotNetPoc/tests/Laya.Core.Tests/bin/Debug/net8.0/Laya.Core.Tests.dll" adapterTypeName="executor://xunit/VsTestRunner3/netcore/" className="Laya.Core.Tests.Encoding.LayaSequenceBuilderTests" name="Build_RejectsOptionsThatExceedModelContext" />
    </UnitTest>
    <UnitTest name="Laya.Core.Tests.Encoding.LayaSequenceBuilderTests.Build_TruncatesStateToMaxLength" storage="/srv/hermes_agent/home/workspace/repo/layadotnetpoc/tests/laya.core.tests/bin/debug/net8.0/laya.core.tests.dll" id="70a87192-17e3-bfc6-c654-1d955e53986e">
      <Execution id="3832a22a-9ccf-41af-8811-9f026e0b7225" />
      <TestMethod codeBase="/srv/hermes_agent/home/workspace/Repo/LayaDotNetPoc/tests/Laya.Core.Tests/bin/Debug/net8.0/Laya.Core.Tests.dll" adapterTypeName="executor://xunit/VsTestRunner3/netcore/" className="Laya.Core.Tests.Encoding.LayaSequenceBuilderTests" name="Build_TruncatesStateToMaxLength" />
    </UnitTest>
    <UnitTest name="Laya.Core.Tests.Encoding.LayaSequenceBuilderTests.Build_MatchesChoiceGoldenTrace" storage="/srv/hermes_agent/home/workspace/repo/layadotnetpoc/tests/laya.core.tests/bin/debug/net8.0/laya.core.tests.dll" id="41b8f608-45e9-7c2a-3a77-e3c99ea7c9bf">
      <Execution id="066e0dac-1a2b-4091-85c2-e90c5f4e477e" />
      <TestMethod codeBase="/srv/hermes_agent/home/workspace/Repo/LayaDotNetPoc/tests/Laya.Core.Tests/bin/Debug/net8.0/Laya.Core.Tests.dll" adapterTypeName="executor://xunit/VsTestRunner3/netcore/" className="Laya.Core.Tests.Encoding.LayaSequenceBuilderTests" name="Build_MatchesChoiceGoldenTrace" />
    </UnitTest>
  </TestDefinitions>
  <TestEntries>
    <TestEntry testId="64ea98ad-8828-a594-0ce6-c22f208c1cda" executionId="8a1da196-c98a-4054-ac6f-08537a320c05" testListId="8c84fa94-04c1-424b-9868-57a2d4851a1d" />
    <TestEntry testId="b2a39afa-e8d6-b42c-0652-9a7aa531286b" executionId="ecc70bff-50c5-41c5-8071-ac6de81243da" testListId="8c84fa94-04c1-424b-9868-57a2d4851a1d" />
    <TestEntry testId="0f33d004-6bcc-16ec-1bc6-36148954798e" executionId="b67c6e06-79f1-464c-83c5-09910691f6e2" testListId="8c84fa94-04c1-424b-9868-57a2d4851a1d" />
    <TestEntry testId="41b8f608-45e9-7c2a-3a77-e3c99ea7c9bf" executionId="066e0dac-1a2b-4091-85c2-e90c5f4e477e" testListId="8c84fa94-04c1-424b-9868-57a2d4851a1d" />
    <TestEntry testId="70a87192-17e3-bfc6-c654-1d955e53986e" executionId="3832a22a-9ccf-41af-8811-9f026e0b7225" testListId="8c84fa94-04c1-424b-9868-57a2d4851a1d" />
    <TestEntry testId="3efdd426-4bca-581c-3833-3ff813ce4c68" executionId="018450a9-18b2-4f2f-ad3b-b692707b2819" testListId="8c84fa94-04c1-424b-9868-57a2d4851a1d" />
    <TestEntry testId="49e1e906-e729-798e-218b-d1fc572abc01" executionId="2a9680f5-c056-40e9-9679-7e9e87ff3196" testListId="8c84fa94-04c1-424b-9868-57a2d4851a1d" />
    <TestEntry testId="98e6a3aa-9190-48d9-c5e8-c21984973305" executionId="706718b8-bcd0-4222-9db9-977bb15f46ce" testListId="8c84fa94-04c1-424b-9868-57a2d4851a1d" />
  </TestEntries>
  <TestLists>
    <TestList name="不在清單中的結果" id="8c84fa94-04c1-424b-9868-57a2d4851a1d" />
    <TestList name="所有載入的結果" id="19431567-8539-422a-85d7-44ee4e166bda" />
  </TestLists>
  <ResultSummary outcome="Completed">
    <Counters total="8" executed="8" passed="8" failed="0" error="0" timeout="0" aborted="0" inconclusive="0" passedButRunAborted="0" notRunnable="0" notExecuted="0" disconnected="0" warning="0" completed="0" inProgress="0" pending="0" />
    <Output>
      <StdOut>[xUnit.net 00:00:00.00] xUnit.net VSTest Adapter v4.0.0+05679a7ab5 (64-bit .NET 10.0.12)
[xUnit.net 00:00:00.09]   Discovering: Laya.Core.Tests
[xUnit.net 00:00:00.18]   Discovered:  Laya.Core.Tests
[xUnit.net 00:00:00.29]   Starting:    Laya.Core.Tests
[xUnit.net 00:00:00.79]   Finished:    Laya.Core.Tests
</StdOut>
    </Output>
  </ResultSummary>
</TestRun>