<?xml version="1.0" encoding="utf-8"?>
<TestRun id="eeff426e-b1cf-4632-a4d4-375d448ffc65" name="@Frieren 2026-09-24 14:01:49" xmlns="http://microsoft.com/schemas/VisualStudio/TeamTest/2010">
  <Times creation="2026-09-24T14:01:50.0054114+08:00" queuing="2026-09-24T14:01:50.0054115+08:00" start="2026-09-24T14:01:45.9088002+08:00" finish="2026-09-24T14:02:13.8904272+08:00" />
  <TestSettings name="default" id="1b64cf2f-8728-417b-9eb8-3b214f871dd2">
    <Deployment runDeploymentRoot="_Frieren_2026-09-24_14_01_49" />
  </TestSettings>
  <Results>
    <UnitTestResult executionId="f256e183-1648-4753-91a9-de285051eabb" testId="96e90ba2-d381-c893-7a6f-02c03040ae6d" testName="Laya.Core.Tests.Evaluation.LayaTransactionIntegrationTests.CsvTransactions_ReturnLegalAnswersAndLatency" computerName="Frieren" duration="00:00:27.2067513" startTime="2026-09-24T14:01:46.5234586+08:00" endTime="2026-09-24T14:02:13.7343754+08:00" testType="13cdc9d9-ddb5-4fa4-a97d-d965ccfc6d4b" outcome="Passed" testListId="8c84fa94-04c1-424b-9868-57a2d4851a1d" relativeResultsDirectory="f256e183-1648-4753-91a9-de285051eabb" />
    <UnitTestResult executionId="d8867e9f-0d0f-4897-a093-5bc6da0a7884" testId="a2dada05-6d8f-4ba7-6dba-598113869240" testName="Laya.Core.Tests.Models.LayaOnnxSessionTests.Open_ValidatesEnglishBundleSchema" computerName="Frieren" duration="00:00:02.2770405" startTime="2026-09-24T14:01:46.5221504+08:00" endTime="2026-09-24T14:01:48.8072072+08:00" testType="13cdc9d9-ddb5-4fa4-a97d-d965ccfc6d4b" outcome="Passed" testListId="8c84fa94-04c1-424b-9868-57a2d4851a1d" relativeResultsDirectory="d8867e9f-0d0f-4897-a093-5bc6da0a7884" />
    <UnitTestResult executionId="d5d070eb-9389-41d0-a4d6-3b38f21b567b" testId="6cb1d6b0-ad72-7d93-3eae-619ef0111397" testName="Laya.Core.Tests.Inference.LayaDecisionEngineTests.Decide_RejectsUnsupportedScore" computerName="Frieren" duration="00:00:04.0447316" startTime="2026-09-24T14:01:49.0388242+08:00" endTime="2026-09-24T14:01:53.0832372+08:00" testType="13cdc9d9-ddb5-4fa4-a97d-d965ccfc6d4b" outcome="Passed" testListId="8c84fa94-04c1-424b-9868-57a2d4851a1d" relativeResultsDirectory="d5d070eb-9389-41d0-a4d6-3b38f21b567b" />
    <UnitTestResult executionId="bc571416-fec8-4668-ad64-7d8ee9535707" testId="ea36ca46-ee85-072e-f046-87254172380c" testName="Laya.Core.Tests.Inference.LayaDecisionEngineTests.Decide_ReturnsOrderedChoiceAndNoulAnswers" computerName="Frieren" duration="00:00:05.3798804" startTime="2026-09-24T14:01:57.4349448+08:00" endTime="2026-09-24T14:02:02.8180616+08:00" testType="13cdc9d9-ddb5-4fa4-a97d-d965ccfc6d4b" outcome="Passed" testListId="8c84fa94-04c1-424b-9868-57a2d4851a1d" relativeResultsDirectory="bc571416-fec8-4668-ad64-7d8ee9535707" />
    <UnitTestResult executionId="94c44258-bc98-4c21-850e-902727f31d13" testId="ae7c69f4-f1b9-85f3-ad68-47cee410c0cb" testName="Laya.Core.Tests.Parity.LayaParityFixtureTests.ReferenceFixtures_MatchDotNetImplementation" computerName="Frieren" duration="00:00:14.3762673" startTime="2026-09-24T14:01:46.5233596+08:00" endTime="2026-09-24T14:02:00.9105924+08:00" testType="13cdc9d9-ddb5-4fa4-a97d-d965ccfc6d4b" outcome="Passed" testListId="8c84fa94-04c1-424b-9868-57a2d4851a1d" relativeResultsDirectory="94c44258-bc98-4c21-850e-902727f31d13" />
    <UnitTestResult executionId="1cc46364-3285-417d-a944-068732371944" testId="56c34269-abfd-d1af-7f48-b8a3627b4ca6" testName="Laya.Core.Tests.Inference.LayaDecisionEngineConcurrencyTests.Decide_PreservesAnswersAcrossConcurrentRequests" computerName="Frieren" duration="00:00:18.3511706" startTime="2026-09-24T14:01:46.5234452+08:00" endTime="2026-09-24T14:02:04.8890578+08:00" testType="13cdc9d9-ddb5-4fa4-a97d-d965ccfc6d4b" outcome="Passed" testListId="8c84fa94-04c1-424b-9868-57a2d4851a1d" relativeResultsDirectory="1cc46364-3285-417d-a944-068732371944" />
    <UnitTestResult executionId="9a65442e-8641-4af5-9f27-6be016a0ed7d" testId="ee1dd62b-a6fd-5465-9914-ff2e36624167" testName="Laya.Core.Tests.Inference.LayaDecisionEngineTests.Decide_RejectsDuplicateQuestionNames" computerName="Frieren" duration="00:00:04.3495962" startTime="2026-09-24T14:01:53.0835877+08:00" endTime="2026-09-24T14:01:57.4335233+08:00" testType="13cdc9d9-ddb5-4fa4-a97d-d965ccfc6d4b" outcome="Passed" testListId="8c84fa94-04c1-424b-9868-57a2d4851a1d" relativeResultsDirectory="9a65442e-8641-4af5-9f27-6be016a0ed7d" />
    <UnitTestResult executionId="cafc5924-9764-4cc6-8bdc-ff4ce71b3919" testId="aec35a03-880f-40de-d6ab-87379be9aebb" testName="Laya.Core.Tests.Inference.LayaInferenceRunnerTests.Run_ReturnsExpectedOutputShapesAndFiniteValues" computerName="Frieren" duration="00:00:04.6496484" startTime="2026-09-24T14:01:46.5234224+08:00" endTime="2026-09-24T14:01:51.1817617+08:00" testType="13cdc9d9-ddb5-4fa4-a97d-d965ccfc6d4b" outcome="Passed" testListId="8c84fa94-04c1-424b-9868-57a2d4851a1d" relativeResultsDirectory="cafc5924-9764-4cc6-8bdc-ff4ce71b3919" />
    <UnitTestResult executionId="11af8af9-20a2-4af9-843c-b3324297462a" testId="c2fc2da3-338c-2b9c-f3ec-d6809aa8efa1" testName="Laya.Core.Tests.Inference.LayaDecisionEngineTests.Decide_RejectsEmptyQuestions" computerName="Frieren" duration="00:00:02.5103068" startTime="2026-09-24T14:01:46.5234720+08:00" endTime="2026-09-24T14:01:49.0379133+08:00" testType="13cdc9d9-ddb5-4fa4-a97d-d965ccfc6d4b" outcome="Passed" testListId="8c84fa94-04c1-424b-9868-57a2d4851a1d" relativeResultsDirectory="11af8af9-20a2-4af9-843c-b3324297462a" />
  </Results>
  <TestDefinitions>
    <UnitTest name="Laya.Core.Tests.Inference.LayaDecisionEngineConcurrencyTests.Decide_PreservesAnswersAcrossConcurrentRequests" storage="/srv/hermes_agent/home/workspace/repo/layadotnetpoc/tests/laya.core.tests/bin/debug/net8.0/laya.core.tests.dll" id="56c34269-abfd-d1af-7f48-b8a3627b4ca6">
      <Execution id="1cc46364-3285-417d-a944-068732371944" />
      <TestMethod codeBase="/srv/hermes_agent/home/workspace/Repo/LayaDotNetPoc/tests/Laya.Core.Tests/bin/Debug/net8.0/Laya.Core.Tests.dll" adapterTypeName="executor://xunit/VsTestRunner3/netcore/" className="Laya.Core.Tests.Inference.LayaDecisionEngineConcurrencyTests" name="Decide_PreservesAnswersAcrossConcurrentRequests" />
    </UnitTest>
    <UnitTest name="Laya.Core.Tests.Inference.LayaInferenceRunnerTests.Run_ReturnsExpectedOutputShapesAndFiniteValues" storage="/srv/hermes_agent/home/workspace/repo/layadotnetpoc/tests/laya.core.tests/bin/debug/net8.0/laya.core.tests.dll" id="aec35a03-880f-40de-d6ab-87379be9aebb">
      <Execution id="cafc5924-9764-4cc6-8bdc-ff4ce71b3919" />
      <TestMethod codeBase="/srv/hermes_agent/home/workspace/Repo/LayaDotNetPoc/tests/Laya.Core.Tests/bin/Debug/net8.0/Laya.Core.Tests.dll" adapterTypeName="executor://xunit/VsTestRunner3/netcore/" className="Laya.Core.Tests.Inference.LayaInferenceRunnerTests" name="Run_ReturnsExpectedOutputShapesAndFiniteValues" />
    </UnitTest>
    <UnitTest name="Laya.Core.Tests.Inference.LayaDecisionEngineTests.Decide_RejectsEmptyQuestions" storage="/srv/hermes_agent/home/workspace/repo/layadotnetpoc/tests/laya.core.tests/bin/debug/net8.0/laya.core.tests.dll" id="c2fc2da3-338c-2b9c-f3ec-d6809aa8efa1">
      <Execution id="11af8af9-20a2-4af9-843c-b3324297462a" />
      <TestMethod codeBase="/srv/hermes_agent/home/workspace/Repo/LayaDotNetPoc/tests/Laya.Core.Tests/bin/Debug/net8.0/Laya.Core.Tests.dll" adapterTypeName="executor://xunit/VsTestRunner3/netcore/" className="Laya.Core.Tests.Inference.LayaDecisionEngineTests" name="Decide_RejectsEmptyQuestions" />
    </UnitTest>
    <UnitTest name="Laya.Core.Tests.Parity.LayaParityFixtureTests.ReferenceFixtures_MatchDotNetImplementation" storage="/srv/hermes_agent/home/workspace/repo/layadotnetpoc/tests/laya.core.tests/bin/debug/net8.0/laya.core.tests.dll" id="ae7c69f4-f1b9-85f3-ad68-47cee410c0cb">
      <Execution id="94c44258-bc98-4c21-850e-902727f31d13" />
      <TestMethod codeBase="/srv/hermes_agent/home/workspace/Repo/LayaDotNetPoc/tests/Laya.Core.Tests/bin/Debug/net8.0/Laya.Core.Tests.dll" adapterTypeName="executor://xunit/VsTestRunner3/netcore/" className="Laya.Core.Tests.Parity.LayaParityFixtureTests" name="ReferenceFixtures_MatchDotNetImplementation" />
    </UnitTest>
    <UnitTest name="Laya.Core.Tests.Inference.LayaDecisionEngineTests.Decide_ReturnsOrderedChoiceAndNoulAnswers" storage="/srv/hermes_agent/home/workspace/repo/layadotnetpoc/tests/laya.core.tests/bin/debug/net8.0/laya.core.tests.dll" id="ea36ca46-ee85-072e-f046-87254172380c">
      <Execution id="bc571416-fec8-4668-ad64-7d8ee9535707" />
      <TestMethod codeBase="/srv/hermes_agent/home/workspace/Repo/LayaDotNetPoc/tests/Laya.Core.Tests/bin/Debug/net8.0/Laya.Core.Tests.dll" adapterTypeName="executor://xunit/VsTestRunner3/netcore/" className="Laya.Core.Tests.Inference.LayaDecisionEngineTests" name="Decide_ReturnsOrderedChoiceAndNoulAnswers" />
    </UnitTest>
    <UnitTest name="Laya.Core.Tests.Inference.LayaDecisionEngineTests.Decide_RejectsUnsupportedScore" storage="/srv/hermes_agent/home/workspace/repo/layadotnetpoc/tests/laya.core.tests/bin/debug/net8.0/laya.core.tests.dll" id="6cb1d6b0-ad72-7d93-3eae-619ef0111397">
      <Execution id="d5d070eb-9389-41d0-a4d6-3b38f21b567b" />
      <TestMethod codeBase="/srv/hermes_agent/home/workspace/Repo/LayaDotNetPoc/tests/Laya.Core.Tests/bin/Debug/net8.0/Laya.Core.Tests.dll" adapterTypeName="executor://xunit/VsTestRunner3/netcore/" className="Laya.Core.Tests.Inference.LayaDecisionEngineTests" name="Decide_RejectsUnsupportedScore" />
    </UnitTest>
    <UnitTest name="Laya.Core.Tests.Models.LayaOnnxSessionTests.Open_ValidatesEnglishBundleSchema" storage="/srv/hermes_agent/home/workspace/repo/layadotnetpoc/tests/laya.core.tests/bin/debug/net8.0/laya.core.tests.dll" id="a2dada05-6d8f-4ba7-6dba-598113869240">
      <Execution id="d8867e9f-0d0f-4897-a093-5bc6da0a7884" />
      <TestMethod codeBase="/srv/hermes_agent/home/workspace/Repo/LayaDotNetPoc/tests/Laya.Core.Tests/bin/Debug/net8.0/Laya.Core.Tests.dll" adapterTypeName="executor://xunit/VsTestRunner3/netcore/" className="Laya.Core.Tests.Models.LayaOnnxSessionTests" name="Open_ValidatesEnglishBundleSchema" />
    </UnitTest>
    <UnitTest name="Laya.Core.Tests.Evaluation.LayaTransactionIntegrationTests.CsvTransactions_ReturnLegalAnswersAndLatency" storage="/srv/hermes_agent/home/workspace/repo/layadotnetpoc/tests/laya.core.tests/bin/debug/net8.0/laya.core.tests.dll" id="96e90ba2-d381-c893-7a6f-02c03040ae6d">
      <Execution id="f256e183-1648-4753-91a9-de285051eabb" />
      <TestMethod codeBase="/srv/hermes_agent/home/workspace/Repo/LayaDotNetPoc/tests/Laya.Core.Tests/bin/Debug/net8.0/Laya.Core.Tests.dll" adapterTypeName="executor://xunit/VsTestRunner3/netcore/" className="Laya.Core.Tests.Evaluation.LayaTransactionIntegrationTests" name="CsvTransactions_ReturnLegalAnswersAndLatency" />
    </UnitTest>
    <UnitTest name="Laya.Core.Tests.Inference.LayaDecisionEngineTests.Decide_RejectsDuplicateQuestionNames" storage="/srv/hermes_agent/home/workspace/repo/layadotnetpoc/tests/laya.core.tests/bin/debug/net8.0/laya.core.tests.dll" id="ee1dd62b-a6fd-5465-9914-ff2e36624167">
      <Execution id="9a65442e-8641-4af5-9f27-6be016a0ed7d" />
      <TestMethod codeBase="/srv/hermes_agent/home/workspace/Repo/LayaDotNetPoc/tests/Laya.Core.Tests/bin/Debug/net8.0/Laya.Core.Tests.dll" adapterTypeName="executor://xunit/VsTestRunner3/netcore/" className="Laya.Core.Tests.Inference.LayaDecisionEngineTests" name="Decide_RejectsDuplicateQuestionNames" />
    </UnitTest>
  </TestDefinitions>
  <TestEntries>
    <TestEntry testId="96e90ba2-d381-c893-7a6f-02c03040ae6d" executionId="f256e183-1648-4753-91a9-de285051eabb" testListId="8c84fa94-04c1-424b-9868-57a2d4851a1d" />
    <TestEntry testId="a2dada05-6d8f-4ba7-6dba-598113869240" executionId="d8867e9f-0d0f-4897-a093-5bc6da0a7884" testListId="8c84fa94-04c1-424b-9868-57a2d4851a1d" />
    <TestEntry testId="6cb1d6b0-ad72-7d93-3eae-619ef0111397" executionId="d5d070eb-9389-41d0-a4d6-3b38f21b567b" testListId="8c84fa94-04c1-424b-9868-57a2d4851a1d" />
    <TestEntry testId="ea36ca46-ee85-072e-f046-87254172380c" executionId="bc571416-fec8-4668-ad64-7d8ee9535707" testListId="8c84fa94-04c1-424b-9868-57a2d4851a1d" />
    <TestEntry testId="ae7c69f4-f1b9-85f3-ad68-47cee410c0cb" executionId="94c44258-bc98-4c21-850e-902727f31d13" testListId="8c84fa94-04c1-424b-9868-57a2d4851a1d" />
    <TestEntry testId="56c34269-abfd-d1af-7f48-b8a3627b4ca6" executionId="1cc46364-3285-417d-a944-068732371944" testListId="8c84fa94-04c1-424b-9868-57a2d4851a1d" />
    <TestEntry testId="ee1dd62b-a6fd-5465-9914-ff2e36624167" executionId="9a65442e-8641-4af5-9f27-6be016a0ed7d" testListId="8c84fa94-04c1-424b-9868-57a2d4851a1d" />
    <TestEntry testId="aec35a03-880f-40de-d6ab-87379be9aebb" executionId="cafc5924-9764-4cc6-8bdc-ff4ce71b3919" testListId="8c84fa94-04c1-424b-9868-57a2d4851a1d" />
    <TestEntry testId="c2fc2da3-338c-2b9c-f3ec-d6809aa8efa1" executionId="11af8af9-20a2-4af9-843c-b3324297462a" testListId="8c84fa94-04c1-424b-9868-57a2d4851a1d" />
  </TestEntries>
  <TestLists>
    <TestList name="不在清單中的結果" id="8c84fa94-04c1-424b-9868-57a2d4851a1d" />
    <TestList name="所有載入的結果" id="19431567-8539-422a-85d7-44ee4e166bda" />
  </TestLists>
  <ResultSummary outcome="Completed">
    <Counters total="9" executed="9" passed="9" failed="0" error="0" timeout="0" aborted="0" inconclusive="0" passedButRunAborted="0" notRunnable="0" notExecuted="0" disconnected="0" warning="0" completed="0" inProgress="0" pending="0" />
    <Output>
      <StdOut>[xUnit.net 00:00:00.00] xUnit.net VSTest Adapter v4.0.0+05679a7ab5 (64-bit .NET 10.0.12)
[xUnit.net 00:00:00.08]   Discovering: Laya.Core.Tests
[xUnit.net 00:00:00.17]   Discovered:  Laya.Core.Tests
[xUnit.net 00:00:00.28]   Starting:    Laya.Core.Tests
[xUnit.net 00:00:27.51]   Finished:    Laya.Core.Tests
</StdOut>
    </Output>
  </ResultSummary>
</TestRun>