<?xml version="1.0" encoding="utf-8"?>
<TestRun id="4f6b3c3a-d339-46c1-ad7c-617a39b05e9d" name="@Frieren 2026-09-24 08:31:35" xmlns="http://microsoft.com/schemas/VisualStudio/TeamTest/2010">
  <Times creation="2026-09-24T08:31:35.6494669+08:00" queuing="2026-09-24T08:31:35.6494669+08:00" start="2026-09-24T08:31:32.4250634+08:00" finish="2026-09-24T08:31:35.6545438+08:00" />
  <TestSettings name="default" id="49c22f65-39e7-418b-a2d1-f6248073e131">
    <Deployment runDeploymentRoot="_Frieren_2026-09-24_08_31_35" />
  </TestSettings>
  <Results>
    <UnitTestResult executionId="4405c71a-0574-4dd7-8a24-cf4b67d58df2" testId="cda4d416-1cc4-2871-4289-6b19913af96c" testName="Laya.Core.Tests.Tokenization.MultilingualTokenizerParityTests.Encode_MatchesAllOfficialMultilingualFixtures" computerName="Frieren" duration="00:00:01.3271592" startTime="2026-09-24T08:31:33.1014266+08:00" endTime="2026-09-24T08:31:34.4344374+08:00" testType="13cdc9d9-ddb5-4fa4-a97d-d965ccfc6d4b" outcome="Passed" testListId="8c84fa94-04c1-424b-9868-57a2d4851a1d" relativeResultsDirectory="4405c71a-0574-4dd7-8a24-cf4b67d58df2" />
    <UnitTestResult executionId="777a041b-47a1-437e-a03a-efbc5da44059" testId="fcaf114c-e242-5871-25a7-7c4de5ec965d" testName="Laya.Core.Tests.Encoding.MultilingualSequenceParityTests.Build_MatchesOfficialChoiceTrace" computerName="Frieren" duration="00:00:00.9876306" startTime="2026-09-24T08:31:34.4458002+08:00" endTime="2026-09-24T08:31:35.4228192+08:00" testType="13cdc9d9-ddb5-4fa4-a97d-d965ccfc6d4b" outcome="Passed" testListId="8c84fa94-04c1-424b-9868-57a2d4851a1d" relativeResultsDirectory="777a041b-47a1-437e-a03a-efbc5da44059" />
    <UnitTestResult executionId="3fe6632d-fc87-43dc-9ff9-730dfa1192ed" testId="7f7c9373-ecaf-13c0-808a-51c725df451f" testName="Laya.Core.Tests.Encoding.MultilingualSequenceParityTests.Build_CriteriaMappingPreservesAnswerKeysAndOfficialPrompt" computerName="Frieren" duration="00:00:01.3271404" startTime="2026-09-24T08:31:33.1025957+08:00" endTime="2026-09-24T08:31:34.4381498+08:00" testType="13cdc9d9-ddb5-4fa4-a97d-d965ccfc6d4b" outcome="Passed" testListId="8c84fa94-04c1-424b-9868-57a2d4851a1d" relativeResultsDirectory="3fe6632d-fc87-43dc-9ff9-730dfa1192ed" />
  </Results>
  <TestDefinitions>
    <UnitTest name="Laya.Core.Tests.Tokenization.MultilingualTokenizerParityTests.Encode_MatchesAllOfficialMultilingualFixtures" storage="/srv/hermes_agent/home/workspace/repo/layadotnetpoc/tests/laya.core.tests/bin/debug/net8.0/laya.core.tests.dll" id="cda4d416-1cc4-2871-4289-6b19913af96c">
      <Execution id="4405c71a-0574-4dd7-8a24-cf4b67d58df2" />
      <TestMethod codeBase="/srv/hermes_agent/home/workspace/Repo/LayaDotNetPoc/tests/Laya.Core.Tests/bin/Debug/net8.0/Laya.Core.Tests.dll" adapterTypeName="executor://xunit/VsTestRunner3/netcore/" className="Laya.Core.Tests.Tokenization.MultilingualTokenizerParityTests" name="Encode_MatchesAllOfficialMultilingualFixtures" />
    </UnitTest>
    <UnitTest name="Laya.Core.Tests.Encoding.MultilingualSequenceParityTests.Build_CriteriaMappingPreservesAnswerKeysAndOfficialPrompt" storage="/srv/hermes_agent/home/workspace/repo/layadotnetpoc/tests/laya.core.tests/bin/debug/net8.0/laya.core.tests.dll" id="7f7c9373-ecaf-13c0-808a-51c725df451f">
      <Execution id="3fe6632d-fc87-43dc-9ff9-730dfa1192ed" />
      <TestMethod codeBase="/srv/hermes_agent/home/workspace/Repo/LayaDotNetPoc/tests/Laya.Core.Tests/bin/Debug/net8.0/Laya.Core.Tests.dll" adapterTypeName="executor://xunit/VsTestRunner3/netcore/" className="Laya.Core.Tests.Encoding.MultilingualSequenceParityTests" name="Build_CriteriaMappingPreservesAnswerKeysAndOfficialPrompt" />
    </UnitTest>
    <UnitTest name="Laya.Core.Tests.Encoding.MultilingualSequenceParityTests.Build_MatchesOfficialChoiceTrace" storage="/srv/hermes_agent/home/workspace/repo/layadotnetpoc/tests/laya.core.tests/bin/debug/net8.0/laya.core.tests.dll" id="fcaf114c-e242-5871-25a7-7c4de5ec965d">
      <Execution id="777a041b-47a1-437e-a03a-efbc5da44059" />
      <TestMethod codeBase="/srv/hermes_agent/home/workspace/Repo/LayaDotNetPoc/tests/Laya.Core.Tests/bin/Debug/net8.0/Laya.Core.Tests.dll" adapterTypeName="executor://xunit/VsTestRunner3/netcore/" className="Laya.Core.Tests.Encoding.MultilingualSequenceParityTests" name="Build_MatchesOfficialChoiceTrace" />
    </UnitTest>
  </TestDefinitions>
  <TestEntries>
    <TestEntry testId="cda4d416-1cc4-2871-4289-6b19913af96c" executionId="4405c71a-0574-4dd7-8a24-cf4b67d58df2" testListId="8c84fa94-04c1-424b-9868-57a2d4851a1d" />
    <TestEntry testId="fcaf114c-e242-5871-25a7-7c4de5ec965d" executionId="777a041b-47a1-437e-a03a-efbc5da44059" testListId="8c84fa94-04c1-424b-9868-57a2d4851a1d" />
    <TestEntry testId="7f7c9373-ecaf-13c0-808a-51c725df451f" executionId="3fe6632d-fc87-43dc-9ff9-730dfa1192ed" testListId="8c84fa94-04c1-424b-9868-57a2d4851a1d" />
  </TestEntries>
  <TestLists>
    <TestList name="不在清單中的結果" id="8c84fa94-04c1-424b-9868-57a2d4851a1d" />
    <TestList name="所有載入的結果" id="19431567-8539-422a-85d7-44ee4e166bda" />
  </TestLists>
  <ResultSummary outcome="Completed">
    <Counters total="3" executed="3" passed="3" failed="0" error="0" timeout="0" aborted="0" inconclusive="0" passedButRunAborted="0" notRunnable="0" notExecuted="0" disconnected="0" warning="0" completed="0" inProgress="0" pending="0" />
    <Output>
      <StdOut>[xUnit.net 00:00:00.00] xUnit.net VSTest Adapter v4.0.0+05679a7ab5 (64-bit .NET 10.0.12)
[xUnit.net 00:00:00.09]   Discovering: Laya.Core.Tests
[xUnit.net 00:00:00.17]   Discovered:  Laya.Core.Tests
[xUnit.net 00:00:00.28]   Starting:    Laya.Core.Tests
[xUnit.net 00:00:02.63]   Finished:    Laya.Core.Tests
</StdOut>
    </Output>
  </ResultSummary>
</TestRun>