<?xml version="1.0" encoding="utf-8"?>
<TestRun id="a8df8ccb-36a6-482e-aaf6-50b7410fd639" name="@Frieren 2026-09-24 01:02:25" xmlns="http://microsoft.com/schemas/VisualStudio/TeamTest/2010">
  <Times creation="2026-09-24T01:02:26.1978706+08:00" queuing="2026-09-24T01:02:26.1978707+08:00" start="2026-09-24T01:02:22.2356894+08:00" finish="2026-09-24T01:02:45.5555223+08:00" />
  <TestSettings name="default" id="3ea6adc5-12fe-4633-b037-6e204b428a13">
    <Deployment runDeploymentRoot="_Frieren_2026-09-24_01_02_25" />
  </TestSettings>
  <Results>
    <UnitTestResult executionId="74234579-62ac-4369-8f37-4148b4ec9114" testId="6cb1d6b0-ad72-7d93-3eae-619ef0111397" testName="Laya.Core.Tests.Inference.LayaDecisionEngineTests.Decide_RejectsUnsupportedScore" computerName="Frieren" duration="00:00:06.8620986" startTime="2026-09-24T01:02:26.0615169+08:00" endTime="2026-09-24T01:02:32.9202292+08:00" testType="13cdc9d9-ddb5-4fa4-a97d-d965ccfc6d4b" outcome="Passed" testListId="8c84fa94-04c1-424b-9868-57a2d4851a1d" relativeResultsDirectory="74234579-62ac-4369-8f37-4148b4ec9114" />
    <UnitTestResult executionId="16ab57bc-aa9b-4b9b-b973-c30faed850b5" testId="96e90ba2-d381-c893-7a6f-02c03040ae6d" testName="Laya.Core.Tests.Evaluation.LayaTransactionIntegrationTests.CsvTransactions_ReturnLegalAnswersAndLatency" computerName="Frieren" duration="00:00:22.5087532" startTime="2026-09-24T01:02:22.8901939+08:00" endTime="2026-09-24T01:02:45.4019375+08:00" testType="13cdc9d9-ddb5-4fa4-a97d-d965ccfc6d4b" outcome="Passed" testListId="8c84fa94-04c1-424b-9868-57a2d4851a1d" relativeResultsDirectory="16ab57bc-aa9b-4b9b-b973-c30faed850b5" />
    <UnitTestResult executionId="2c344817-081e-4524-a41b-730eeb364b72" testId="aec35a03-880f-40de-d6ab-87379be9aebb" testName="Laya.Core.Tests.Inference.LayaInferenceRunnerTests.Run_ReturnsExpectedOutputShapesAndFiniteValues" computerName="Frieren" duration="00:00:04.4461254" startTime="2026-09-24T01:02:22.8902077+08:00" endTime="2026-09-24T01:02:27.3463853+08:00" testType="13cdc9d9-ddb5-4fa4-a97d-d965ccfc6d4b" outcome="Passed" testListId="8c84fa94-04c1-424b-9868-57a2d4851a1d" relativeResultsDirectory="2c344817-081e-4524-a41b-730eeb364b72" />
    <UnitTestResult executionId="171f97bd-ca31-482d-80fc-97df4aedc2b3" testId="ea36ca46-ee85-072e-f046-87254172380c" testName="Laya.Core.Tests.Inference.LayaDecisionEngineTests.Decide_ReturnsOrderedChoiceAndNoulAnswers" computerName="Frieren" duration="00:00:02.7484794" startTime="2026-09-24T01:02:36.4268292+08:00" endTime="2026-09-24T01:02:39.1731433+08:00" testType="13cdc9d9-ddb5-4fa4-a97d-d965ccfc6d4b" outcome="Passed" testListId="8c84fa94-04c1-424b-9868-57a2d4851a1d" relativeResultsDirectory="171f97bd-ca31-482d-80fc-97df4aedc2b3" />
    <UnitTestResult executionId="5c62c7e5-9286-4d66-848b-906e76503459" testId="a2dada05-6d8f-4ba7-6dba-598113869240" testName="Laya.Core.Tests.Models.LayaOnnxSessionTests.Open_ValidatesEnglishBundleSchema" computerName="Frieren" duration="00:00:02.3410428" startTime="2026-09-24T01:02:22.8888738+08:00" endTime="2026-09-24T01:02:25.2365029+08:00" testType="13cdc9d9-ddb5-4fa4-a97d-d965ccfc6d4b" outcome="Passed" testListId="8c84fa94-04c1-424b-9868-57a2d4851a1d" relativeResultsDirectory="5c62c7e5-9286-4d66-848b-906e76503459" />
    <UnitTestResult executionId="25b6f2a6-7c80-407d-a9ba-09d7139b299c" testId="c2fc2da3-338c-2b9c-f3ec-d6809aa8efa1" testName="Laya.Core.Tests.Inference.LayaDecisionEngineTests.Decide_RejectsEmptyQuestions" computerName="Frieren" duration="00:00:03.1646537" startTime="2026-09-24T01:02:22.8901759+08:00" endTime="2026-09-24T01:02:26.0603471+08:00" testType="13cdc9d9-ddb5-4fa4-a97d-d965ccfc6d4b" outcome="Passed" testListId="8c84fa94-04c1-424b-9868-57a2d4851a1d" relativeResultsDirectory="25b6f2a6-7c80-407d-a9ba-09d7139b299c" />
    <UnitTestResult executionId="ca317b6c-ec4e-4997-9501-ba4a0831b74d" testId="ee1dd62b-a6fd-5465-9914-ff2e36624167" testName="Laya.Core.Tests.Inference.LayaDecisionEngineTests.Decide_RejectsDuplicateQuestionNames" computerName="Frieren" duration="00:00:03.5038919" startTime="2026-09-24T01:02:32.9207028+08:00" endTime="2026-09-24T01:02:36.4252068+08:00" testType="13cdc9d9-ddb5-4fa4-a97d-d965ccfc6d4b" outcome="Passed" testListId="8c84fa94-04c1-424b-9868-57a2d4851a1d" relativeResultsDirectory="ca317b6c-ec4e-4997-9501-ba4a0831b74d" />
    <UnitTestResult executionId="a8ad521f-b789-43f9-94b7-bfb461c5acce" testId="ae7c69f4-f1b9-85f3-ad68-47cee410c0cb" testName="Laya.Core.Tests.Parity.LayaParityFixtureTests.ReferenceFixtures_MatchDotNetImplementation" computerName="Frieren" duration="00:00:13.2143101" startTime="2026-09-24T01:02:22.8901105+08:00" endTime="2026-09-24T01:02:36.1076797+08:00" testType="13cdc9d9-ddb5-4fa4-a97d-d965ccfc6d4b" outcome="Passed" testListId="8c84fa94-04c1-424b-9868-57a2d4851a1d" relativeResultsDirectory="a8ad521f-b789-43f9-94b7-bfb461c5acce" />
  </Results>
  <TestDefinitions>
    <UnitTest name="Laya.Core.Tests.Inference.LayaInferenceRunnerTests.Run_ReturnsExpectedOutputShapesAndFiniteValues" storage="/srv/hermes_agent/home/workspace/repo/layadotnetpoc/tests/laya.core.tests/bin/debug/net8.0/laya.core.tests.dll" id="aec35a03-880f-40de-d6ab-87379be9aebb">
      <Execution id="2c344817-081e-4524-a41b-730eeb364b72" />
      <TestMethod codeBase="/srv/hermes_agent/home/workspace/Repo/LayaDotNetPoc/tests/Laya.Core.Tests/bin/Debug/net8.0/Laya.Core.Tests.dll" adapterTypeName="executor://xunit/VsTestRunner3/netcore/" className="Laya.Core.Tests.Inference.LayaInferenceRunnerTests" name="Run_ReturnsExpectedOutputShapesAndFiniteValues" />
    </UnitTest>
    <UnitTest name="Laya.Core.Tests.Inference.LayaDecisionEngineTests.Decide_RejectsEmptyQuestions" storage="/srv/hermes_agent/home/workspace/repo/layadotnetpoc/tests/laya.core.tests/bin/debug/net8.0/laya.core.tests.dll" id="c2fc2da3-338c-2b9c-f3ec-d6809aa8efa1">
      <Execution id="25b6f2a6-7c80-407d-a9ba-09d7139b299c" />
      <TestMethod codeBase="/srv/hermes_agent/home/workspace/Repo/LayaDotNetPoc/tests/Laya.Core.Tests/bin/Debug/net8.0/Laya.Core.Tests.dll" adapterTypeName="executor://xunit/VsTestRunner3/netcore/" className="Laya.Core.Tests.Inference.LayaDecisionEngineTests" name="Decide_RejectsEmptyQuestions" />
    </UnitTest>
    <UnitTest name="Laya.Core.Tests.Parity.LayaParityFixtureTests.ReferenceFixtures_MatchDotNetImplementation" storage="/srv/hermes_agent/home/workspace/repo/layadotnetpoc/tests/laya.core.tests/bin/debug/net8.0/laya.core.tests.dll" id="ae7c69f4-f1b9-85f3-ad68-47cee410c0cb">
      <Execution id="a8ad521f-b789-43f9-94b7-bfb461c5acce" />
      <TestMethod codeBase="/srv/hermes_agent/home/workspace/Repo/LayaDotNetPoc/tests/Laya.Core.Tests/bin/Debug/net8.0/Laya.Core.Tests.dll" adapterTypeName="executor://xunit/VsTestRunner3/netcore/" className="Laya.Core.Tests.Parity.LayaParityFixtureTests" name="ReferenceFixtures_MatchDotNetImplementation" />
    </UnitTest>
    <UnitTest name="Laya.Core.Tests.Inference.LayaDecisionEngineTests.Decide_ReturnsOrderedChoiceAndNoulAnswers" storage="/srv/hermes_agent/home/workspace/repo/layadotnetpoc/tests/laya.core.tests/bin/debug/net8.0/laya.core.tests.dll" id="ea36ca46-ee85-072e-f046-87254172380c">
      <Execution id="171f97bd-ca31-482d-80fc-97df4aedc2b3" />
      <TestMethod codeBase="/srv/hermes_agent/home/workspace/Repo/LayaDotNetPoc/tests/Laya.Core.Tests/bin/Debug/net8.0/Laya.Core.Tests.dll" adapterTypeName="executor://xunit/VsTestRunner3/netcore/" className="Laya.Core.Tests.Inference.LayaDecisionEngineTests" name="Decide_ReturnsOrderedChoiceAndNoulAnswers" />
    </UnitTest>
    <UnitTest name="Laya.Core.Tests.Inference.LayaDecisionEngineTests.Decide_RejectsUnsupportedScore" storage="/srv/hermes_agent/home/workspace/repo/layadotnetpoc/tests/laya.core.tests/bin/debug/net8.0/laya.core.tests.dll" id="6cb1d6b0-ad72-7d93-3eae-619ef0111397">
      <Execution id="74234579-62ac-4369-8f37-4148b4ec9114" />
      <TestMethod codeBase="/srv/hermes_agent/home/workspace/Repo/LayaDotNetPoc/tests/Laya.Core.Tests/bin/Debug/net8.0/Laya.Core.Tests.dll" adapterTypeName="executor://xunit/VsTestRunner3/netcore/" className="Laya.Core.Tests.Inference.LayaDecisionEngineTests" name="Decide_RejectsUnsupportedScore" />
    </UnitTest>
    <UnitTest name="Laya.Core.Tests.Models.LayaOnnxSessionTests.Open_ValidatesEnglishBundleSchema" storage="/srv/hermes_agent/home/workspace/repo/layadotnetpoc/tests/laya.core.tests/bin/debug/net8.0/laya.core.tests.dll" id="a2dada05-6d8f-4ba7-6dba-598113869240">
      <Execution id="5c62c7e5-9286-4d66-848b-906e76503459" />
      <TestMethod codeBase="/srv/hermes_agent/home/workspace/Repo/LayaDotNetPoc/tests/Laya.Core.Tests/bin/Debug/net8.0/Laya.Core.Tests.dll" adapterTypeName="executor://xunit/VsTestRunner3/netcore/" className="Laya.Core.Tests.Models.LayaOnnxSessionTests" name="Open_ValidatesEnglishBundleSchema" />
    </UnitTest>
    <UnitTest name="Laya.Core.Tests.Evaluation.LayaTransactionIntegrationTests.CsvTransactions_ReturnLegalAnswersAndLatency" storage="/srv/hermes_agent/home/workspace/repo/layadotnetpoc/tests/laya.core.tests/bin/debug/net8.0/laya.core.tests.dll" id="96e90ba2-d381-c893-7a6f-02c03040ae6d">
      <Execution id="16ab57bc-aa9b-4b9b-b973-c30faed850b5" />
      <TestMethod codeBase="/srv/hermes_agent/home/workspace/Repo/LayaDotNetPoc/tests/Laya.Core.Tests/bin/Debug/net8.0/Laya.Core.Tests.dll" adapterTypeName="executor://xunit/VsTestRunner3/netcore/" className="Laya.Core.Tests.Evaluation.LayaTransactionIntegrationTests" name="CsvTransactions_ReturnLegalAnswersAndLatency" />
    </UnitTest>
    <UnitTest name="Laya.Core.Tests.Inference.LayaDecisionEngineTests.Decide_RejectsDuplicateQuestionNames" storage="/srv/hermes_agent/home/workspace/repo/layadotnetpoc/tests/laya.core.tests/bin/debug/net8.0/laya.core.tests.dll" id="ee1dd62b-a6fd-5465-9914-ff2e36624167">
      <Execution id="ca317b6c-ec4e-4997-9501-ba4a0831b74d" />
      <TestMethod codeBase="/srv/hermes_agent/home/workspace/Repo/LayaDotNetPoc/tests/Laya.Core.Tests/bin/Debug/net8.0/Laya.Core.Tests.dll" adapterTypeName="executor://xunit/VsTestRunner3/netcore/" className="Laya.Core.Tests.Inference.LayaDecisionEngineTests" name="Decide_RejectsDuplicateQuestionNames" />
    </UnitTest>
  </TestDefinitions>
  <TestEntries>
    <TestEntry testId="6cb1d6b0-ad72-7d93-3eae-619ef0111397" executionId="74234579-62ac-4369-8f37-4148b4ec9114" testListId="8c84fa94-04c1-424b-9868-57a2d4851a1d" />
    <TestEntry testId="96e90ba2-d381-c893-7a6f-02c03040ae6d" executionId="16ab57bc-aa9b-4b9b-b973-c30faed850b5" testListId="8c84fa94-04c1-424b-9868-57a2d4851a1d" />
    <TestEntry testId="aec35a03-880f-40de-d6ab-87379be9aebb" executionId="2c344817-081e-4524-a41b-730eeb364b72" testListId="8c84fa94-04c1-424b-9868-57a2d4851a1d" />
    <TestEntry testId="ea36ca46-ee85-072e-f046-87254172380c" executionId="171f97bd-ca31-482d-80fc-97df4aedc2b3" testListId="8c84fa94-04c1-424b-9868-57a2d4851a1d" />
    <TestEntry testId="a2dada05-6d8f-4ba7-6dba-598113869240" executionId="5c62c7e5-9286-4d66-848b-906e76503459" testListId="8c84fa94-04c1-424b-9868-57a2d4851a1d" />
    <TestEntry testId="c2fc2da3-338c-2b9c-f3ec-d6809aa8efa1" executionId="25b6f2a6-7c80-407d-a9ba-09d7139b299c" testListId="8c84fa94-04c1-424b-9868-57a2d4851a1d" />
    <TestEntry testId="ee1dd62b-a6fd-5465-9914-ff2e36624167" executionId="ca317b6c-ec4e-4997-9501-ba4a0831b74d" testListId="8c84fa94-04c1-424b-9868-57a2d4851a1d" />
    <TestEntry testId="ae7c69f4-f1b9-85f3-ad68-47cee410c0cb" executionId="a8ad521f-b789-43f9-94b7-bfb461c5acce" testListId="8c84fa94-04c1-424b-9868-57a2d4851a1d" />
  </TestEntries>
  <TestLists>
    <TestList name="不在清單中的結果" id="8c84fa94-04c1-424b-9868-57a2d4851a1d" />
    <TestList name="所有載入的結果" id="19431567-8539-422a-85d7-44ee4e166bda" />
  </TestLists>
  <ResultSummary outcome="Completed">
    <Counters total="8" executed="8" passed="8" failed="0" error="0" timeout="0" aborted="0" inconclusive="0" passedButRunAborted="0" notRunnable="0" notExecuted="0" disconnected="0" warning="0" completed="0" inProgress="0" pending="0" />
    <Output>
      <StdOut>[xUnit.net 00:00:00.00] xUnit.net VSTest Adapter v4.0.0+05679a7ab5 (64-bit .NET 10.0.12)
[xUnit.net 00:00:00.09]   Discovering: Laya.Core.Tests
[xUnit.net 00:00:00.18]   Discovered:  Laya.Core.Tests
[xUnit.net 00:00:00.28]   Starting:    Laya.Core.Tests
[xUnit.net 00:00:22.82]   Finished:    Laya.Core.Tests
</StdOut>
    </Output>
  </ResultSummary>
</TestRun>